[Sep 3 10:54] microcode: microcode updated early to revision 0x2f, date = 2019-11-12
[  +0.000000] Linux version 5.4.0-94-generic (buildd@lcy02-amd64-059) (gcc version 7.5.0 (Ubuntu 7.5.0-3ubuntu1~18.04)) #106~18.04.1-Ubuntu SMP Fri Jan 7 07:23:53 UTC 2022 (Ubuntu 5.4.0-94.106~18.04.1-generic 5.4.157)
[  +0.000000] Command line: BOOT_IMAGE=/boot/vmlinuz-5.4.0-94-generic root=UUID=47c03cf3-0d57-4617-a36c-90b3d8a86980 ro quiet splash vt.handoff=1
[  +0.000000] KERNEL supported cpus:
[  +0.000000]   Intel GenuineIntel
[  +0.000000]   AMD AuthenticAMD
[  +0.000000]   Hygon HygonGenuine
[  +0.000000]   Centaur CentaurHauls
[  +0.000000]   zhaoxin   Shanghai  
[  +0.000000] x86/fpu: Supporting XSAVE feature 0x001: 'x87 floating point registers'
[  +0.000000] x86/fpu: Supporting XSAVE feature 0x002: 'SSE registers'
[  +0.000000] x86/fpu: Supporting XSAVE feature 0x004: 'AVX registers'
[  +0.000000] x86/fpu: xstate_offset[2]:  576, xstate_sizes[2]:  256
[  +0.000000] x86/fpu: Enabled xstate features 0x7, context size is 832 bytes, using 'standard' format.
[  +0.000000] BIOS-provided physical RAM map:
[  +0.000000] BIOS-e820: [mem 0x0000000000000000-0x0000000000057fff] usable
[  +0.000000] BIOS-e820: [mem 0x0000000000058000-0x0000000000058fff] reserved
[  +0.000000] BIOS-e820: [mem 0x0000000000059000-0x000000000009efff] usable
[  +0.000000] BIOS-e820: [mem 0x000000000009f000-0x000000000009ffff] reserved
[  +0.000000] BIOS-e820: [mem 0x0000000000100000-0x0000000090ba8fff] usable
[  +0.000000] BIOS-e820: [mem 0x0000000090ba9000-0x000000009102cfff] reserved
[  +0.000000] BIOS-e820: [mem 0x000000009102d000-0x00000000a32b8fff] usable
[  +0.000000] BIOS-e820: [mem 0x00000000a32b9000-0x00000000a3379fff] reserved
[  +0.000000] BIOS-e820: [mem 0x00000000a337a000-0x00000000a33a2fff] ACPI data
[  +0.000000] BIOS-e820: [mem 0x00000000a33a3000-0x00000000a3cfefff] ACPI NVS
[  +0.000000] BIOS-e820: [mem 0x00000000a3cff000-0x00000000a3ffdfff] reserved
[  +0.000000] BIOS-e820: [mem 0x00000000a3ffe000-0x00000000a3ffefff] usable
[  +0.000000] BIOS-e820: [mem 0x00000000a5000000-0x00000000a77fffff] reserved
[  +0.000000] BIOS-e820: [mem 0x00000000f8000000-0x00000000fbffffff] reserved
[  +0.000000] BIOS-e820: [mem 0x00000000fec00000-0x00000000fec00fff] reserved
[  +0.000000] BIOS-e820: [mem 0x00000000fed00000-0x00000000fed03fff] reserved
[  +0.000000] BIOS-e820: [mem 0x00000000fed1c000-0x00000000fed1ffff] reserved
[  +0.000000] BIOS-e820: [mem 0x00000000fee00000-0x00000000fee00fff] reserved
[  +0.000000] BIOS-e820: [mem 0x00000000ff000000-0x00000000ffffffff] reserved
[  +0.000000] BIOS-e820: [mem 0x0000000100000000-0x00000001577fffff] usable
[  +0.000000] NX (Execute Disable) protection: active
[  +0.000000] e820: update [mem 0x8f0ba018-0x8f0ca057] usable ==> usable
[  +0.000000] e820: update [mem 0x8f0ba018-0x8f0ca057] usable ==> usable
[  +0.000000] e820: update [mem 0x8f0ad018-0x8f0b9057] usable ==> usable
[  +0.000000] e820: update [mem 0x8f0ad018-0x8f0b9057] usable ==> usable
[  +0.000000] e820: update [mem 0x8f095018-0x8f0acc57] usable ==> usable
[  +0.000000] e820: update [mem 0x8f095018-0x8f0acc57] usable ==> usable
[  +0.000000] e820: update [mem 0x8f08d018-0x8f094857] usable ==> usable
[  +0.000000] e820: update [mem 0x8f08d018-0x8f094857] usable ==> usable
[  +0.000000] extended physical RAM map:
[  +0.000000] reserve setup_data: [mem 0x0000000000000000-0x0000000000057fff] usable
[  +0.000000] reserve setup_data: [mem 0x0000000000058000-0x0000000000058fff] reserved
[  +0.000000] reserve setup_data: [mem 0x0000000000059000-0x000000000009efff] usable
[  +0.000000] reserve setup_data: [mem 0x000000000009f000-0x000000000009ffff] reserved
[  +0.000000] reserve setup_data: [mem 0x0000000000100000-0x000000008f08d017] usable
[  +0.000000] reserve setup_data: [mem 0x000000008f08d018-0x000000008f094857] usable
[  +0.000000] reserve setup_data: [mem 0x000000008f094858-0x000000008f095017] usable
[  +0.000000] reserve setup_data: [mem 0x000000008f095018-0x000000008f0acc57] usable
[  +0.000000] reserve setup_data: [mem 0x000000008f0acc58-0x000000008f0ad017] usable
[  +0.000000] reserve setup_data: [mem 0x000000008f0ad018-0x000000008f0b9057] usable
[  +0.000000] reserve setup_data: [mem 0x000000008f0b9058-0x000000008f0ba017] usable
[  +0.000000] reserve setup_data: [mem 0x000000008f0ba018-0x000000008f0ca057] usable
[  +0.000000] reserve setup_data: [mem 0x000000008f0ca058-0x0000000090ba8fff] usable
[  +0.000000] reserve setup_data: [mem 0x0000000090ba9000-0x000000009102cfff] reserved
[  +0.000000] reserve setup_data: [mem 0x000000009102d000-0x00000000a32b8fff] usable
[  +0.000000] reserve setup_data: [mem 0x00000000a32b9000-0x00000000a3379fff] reserved
[  +0.000000] reserve setup_data: [mem 0x00000000a337a000-0x00000000a33a2fff] ACPI data
[  +0.000000] reserve setup_data: [mem 0x00000000a33a3000-0x00000000a3cfefff] ACPI NVS
[  +0.000000] reserve setup_data: [mem 0x00000000a3cff000-0x00000000a3ffdfff] reserved
[  +0.000000] reserve setup_data: [mem 0x00000000a3ffe000-0x00000000a3ffefff] usable
[  +0.000000] reserve setup_data: [mem 0x00000000a5000000-0x00000000a77fffff] reserved
[  +0.000000] reserve setup_data: [mem 0x00000000f8000000-0x00000000fbffffff] reserved
[  +0.000000] reserve setup_data: [mem 0x00000000fec00000-0x00000000fec00fff] reserved
[  +0.000000] reserve setup_data: [mem 0x00000000fed00000-0x00000000fed03fff] reserved
[  +0.000000] reserve setup_data: [mem 0x00000000fed1c000-0x00000000fed1ffff] reserved
[  +0.000000] reserve setup_data: [mem 0x00000000fee00000-0x00000000fee00fff] reserved
[  +0.000000] reserve setup_data: [mem 0x00000000ff000000-0x00000000ffffffff] reserved
[  +0.000000] reserve setup_data: [mem 0x0000000100000000-0x00000001577fffff] usable
[  +0.000000] efi: EFI v2.31 by American Megatrends
[  +0.000000] efi:  ACPI=0xa3382000  ACPI 2.0=0xa3382000  SMBIOS=0xf0570  MPS=0xfd820  MOKvar=0x9fe5f000  TPMEventLog=0x91036018 
[  +0.000000] TPM Final Events table not present
[  +0.000000] secureboot: Secure boot disabled
[  +0.000000] SMBIOS 2.8 present.
[  +0.000000] DMI: Dell Inc. Inspiron 3558/09VMRC, BIOS A08 01/20/2016
[  +0.000000] tsc: Fast TSC calibration using PIT
[  +0.000000] tsc: Detected 2095.246 MHz processor
[  +0.000000] e820: update [mem 0x00000000-0x00000fff] usable ==> reserved
[  +0.000002] e820: remove [mem 0x000a0000-0x000fffff] usable
[  +0.000009] last_pfn = 0x157800 max_arch_pfn = 0x400000000
[  +0.000004] MTRR default type: uncachable
[  +0.000001] MTRR fixed ranges enabled:
[  +0.000001]   00000-9FFFF write-back
[  +0.000001]   A0000-BFFFF uncachable
[  +0.000001]   C0000-FFFFF write-protect
[  +0.000001] MTRR variable ranges enabled:
[  +0.000001]   0 base 0000000000 mask 7F00000000 write-back
[  +0.000001]   1 base 0100000000 mask 7FC0000000 write-back
[  +0.000001]   2 base 0140000000 mask 7FE0000000 write-back
[  +0.000001]   3 base 00C0000000 mask 7FC0000000 uncachable
[  +0.000001]   4 base 00B0000000 mask 7FF0000000 uncachable
[  +0.000001]   5 base 00A8000000 mask 7FF8000000 uncachable
[  +0.000001]   6 base 00A6000000 mask 7FFE000000 uncachable
[  +0.000001]   7 base 00A5000000 mask 7FFF000000 uncachable
[  +0.000000]   8 base 0158000000 mask 7FF8000000 uncachable
[  +0.000001]   9 base 0157800000 mask 7FFF800000 uncachable
[  +0.000345] x86/PAT: Configuration [0-7]: WB  WC  UC- UC  WB  WP  UC- WT  
[  +0.000155] total RAM covered: 4040M
[  +0.000519] Found optimal setting for mtrr clean up
[  +0.000001]  gran_size: 64K 	chunk_size: 16M 	num_reg: 8  	lose cover RAM: 0G
[  +0.000342] e820: update [mem 0xa5000000-0xffffffff] usable ==> reserved
[  +0.000006] last_pfn = 0xa3fff max_arch_pfn = 0x400000000
[  +0.009520] found SMP MP-table at [mem 0x000fda60-0x000fda6f]
[  +0.000020] e820: update [mem 0x9fe5f000-0x9fe5ffff] usable ==> reserved
[  +0.000018] check: Scanning 1 areas for low memory corruption
[  +0.000004] Using GB pages for direct mapping
[  +0.000852] secureboot: Secure boot disabled
[  +0.000001] RAMDISK: [mem 0x3d6b5000-0x3fffdfff]
[  +0.000006] ACPI: Early table checksum verification disabled
[  +0.000003] ACPI: RSDP 0x00000000A3382000 000024 (v02 DELL  )
[  +0.000004] ACPI: XSDT 0x00000000A33820A8 0000CC (v01 DELL   CBX3     01072009 AMI  00010013)
[  +0.000005] ACPI: FACP 0x00000000A3398FC0 00010C (v05 DELL   CBX3     01072009 AMI  00010013)
[  +0.000006] ACPI: DSDT 0x00000000A3382200 016DBC (v02 DELL   CBX3     01072009 INTL 20120913)
[  +0.000003] ACPI: FACS 0x00000000A3CFBF80 000040
[  +0.000003] ACPI: APIC 0x00000000A33990D0 000084 (v03 DELL   CBX3     01072009 AMI  00010013)
[  +0.000003] ACPI: FPDT 0x00000000A3399158 000044 (v01 DELL   CBX3     01072009 AMI  00010013)
[  +0.000003] ACPI: FIDT 0x00000000A33991A0 00009C (v01 DELL   CBX3     01072009 AMI  00010013)
[  +0.000002] ACPI: MCFG 0x00000000A3399240 00003C (v01 DELL   CBX3     01072009 MSFT 00000097)
[  +0.000003] ACPI: HPET 0x00000000A3399280 000038 (v01 DELL   CBX3     01072009 AMI. 00000005)
[  +0.000003] ACPI: SSDT 0x00000000A33992B8 0003BD (v01 SataRe SataTabl 00001000 INTL 20120913)
[  +0.000003] ACPI: UEFI 0x00000000A3399678 000042 (v01                 00000000      00000000)
[  +0.000003] ACPI: LPIT 0x00000000A33996C0 000094 (v01                 00000000      00000000)
[  +0.000003] ACPI: SSDT 0x00000000A3399758 000C7D (v02 Ther_R Ther_Rvp 00001000 INTL 20120913)
[  +0.000003] ACPI: ASF! 0x00000000A339A3D8 0000A0 (v32 INTEL   HCG     00000001 TFSM 000F4240)
[  +0.000003] ACPI: BOOT 0x00000000A339A478 000028 (v01 DELL   CBX3     01072009 AMI  00010013)
[  +0.000003] ACPI: SSDT 0x00000000A339A4A0 00051F (v02 PmRef  Cpu0Ist  00003000 INTL 20120913)
[  +0.000003] ACPI: SSDT 0x00000000A339A9C0 000B74 (v02 CpuRef CpuSsdt  00003000 INTL 20120913)
[  +0.000003] ACPI: SSDT 0x00000000A339B538 0001C7 (v02 PmRef  LakeTiny 00003000 INTL 20120913)
[  +0.000003] ACPI: SSDT 0x00000000A339B700 0040BB (v02 SaSsdt SaSsdt   00003000 INTL 20120913)
[  +0.000003] ACPI: SSDT 0x00000000A339F7C0 000536 (v02 SgRef  SgPch    00001000 INTL 20120913)
[  +0.000002] ACPI: SLIC 0x00000000A339FCF8 000176 (v03 DELL   CBX3     01072009 MSFT 00010013)
[  +0.000003] ACPI: DMAR 0x00000000A339FE70 0000B0 (v01 INTEL  BDW      00000001 INTL 00000001)
[  +0.000003] ACPI: BGRT 0x00000000A339FF20 000038 (v00 \xf3\xee              01072009 AMI  00010013)
[  +0.000003] ACPI: SSDT 0x00000000A339FF58 001394 (v01 OptRef OptTabl  00001000 INTL 20120913)
[  +0.000003] ACPI: Reserving FACP table memory at [mem 0xa3398fc0-0xa33990cb]
[  +0.000001] ACPI: Reserving DSDT table memory at [mem 0xa3382200-0xa3398fbb]
[  +0.000001] ACPI: Reserving FACS table memory at [mem 0xa3cfbf80-0xa3cfbfbf]
[  +0.000001] ACPI: Reserving APIC table memory at [mem 0xa33990d0-0xa3399153]
[  +0.000001] ACPI: Reserving FPDT table memory at [mem 0xa3399158-0xa339919b]
[  +0.000001] ACPI: Reserving FIDT table memory at [mem 0xa33991a0-0xa339923b]
[  +0.000000] ACPI: Reserving MCFG table memory at [mem 0xa3399240-0xa339927b]
[  +0.000001] ACPI: Reserving HPET table memory at [mem 0xa3399280-0xa33992b7]
[  +0.000001] ACPI: Reserving SSDT table memory at [mem 0xa33992b8-0xa3399674]
[  +0.000001] ACPI: Reserving UEFI table memory at [mem 0xa3399678-0xa33996b9]
[  +0.000001] ACPI: Reserving LPIT table memory at [mem 0xa33996c0-0xa3399753]
[  +0.000001] ACPI: Reserving SSDT table memory at [mem 0xa3399758-0xa339a3d4]
[  +0.000001] ACPI: Reserving ASF! table memory at [mem 0xa339a3d8-0xa339a477]
[  +0.000001] ACPI: Reserving BOOT table memory at [mem 0xa339a478-0xa339a49f]
[  +0.000001] ACPI: Reserving SSDT table memory at [mem 0xa339a4a0-0xa339a9be]
[  +0.000001] ACPI: Reserving SSDT table memory at [mem 0xa339a9c0-0xa339b533]
[  +0.000001] ACPI: Reserving SSDT table memory at [mem 0xa339b538-0xa339b6fe]
[  +0.000000] ACPI: Reserving SSDT table memory at [mem 0xa339b700-0xa339f7ba]
[  +0.000001] ACPI: Reserving SSDT table memory at [mem 0xa339f7c0-0xa339fcf5]
[  +0.000001] ACPI: Reserving SLIC table memory at [mem 0xa339fcf8-0xa339fe6d]
[  +0.000001] ACPI: Reserving DMAR table memory at [mem 0xa339fe70-0xa339ff1f]
[  +0.000001] ACPI: Reserving BGRT table memory at [mem 0xa339ff20-0xa339ff57]
[  +0.000001] ACPI: Reserving SSDT table memory at [mem 0xa339ff58-0xa33a12eb]
[  +0.000010] ACPI: Local APIC address 0xfee00000
[  +0.000093] No NUMA configuration found
[  +0.000001] Faking a node at [mem 0x0000000000000000-0x00000001577fffff]
[  +0.000012] NODE_DATA(0) allocated [mem 0x1577d3000-0x1577fdfff]
[  +0.000241] Zone ranges:
[  +0.000001]   DMA      [mem 0x0000000000001000-0x0000000000ffffff]
[  +0.000001]   DMA32    [mem 0x0000000001000000-0x00000000ffffffff]
[  +0.000001]   Normal   [mem 0x0000000100000000-0x00000001577fffff]
[  +0.000001]   Device   empty
[  +0.000001] Movable zone start for each node
[  +0.000004] Early memory node ranges
[  +0.000001]   node   0: [mem 0x0000000000001000-0x0000000000057fff]
[  +0.000001]   node   0: [mem 0x0000000000059000-0x000000000009efff]
[  +0.000001]   node   0: [mem 0x0000000000100000-0x0000000090ba8fff]
[  +0.000001]   node   0: [mem 0x000000009102d000-0x00000000a32b8fff]
[  +0.000000]   node   0: [mem 0x00000000a3ffe000-0x00000000a3ffefff]
[  +0.000001]   node   0: [mem 0x0000000100000000-0x00000001577fffff]
[  +0.000305] Zeroed struct page in unavailable ranges: 23085 pages
[  +0.000001] Initmem setup node 0 [mem 0x0000000000001000-0x00000001577fffff]
[  +0.000002] On node 0 totalpages: 1025491
[  +0.000001]   DMA zone: 64 pages used for memmap
[  +0.000000]   DMA zone: 25 pages reserved
[  +0.000001]   DMA zone: 3997 pages, LIFO batch:0
[  +0.000062]   DMA32 zone: 10361 pages used for memmap
[  +0.000001]   DMA32 zone: 663094 pages, LIFO batch:63
[  +0.012146]   Normal zone: 5600 pages used for memmap
[  +0.000002]   Normal zone: 358400 pages, LIFO batch:63
[  +0.005283] Reserving Intel graphics memory at [mem 0xa5800000-0xa77fffff]
[  +0.000076] ACPI: PM-Timer IO Port: 0x1808
[  +0.000001] ACPI: Local APIC address 0xfee00000
[  +0.000008] ACPI: LAPIC_NMI (acpi_id[0x01] res dfl lint[0x1b])
[  +0.000000] ACPI: NMI not connected to LINT 1!
[  +0.000001] ACPI: LAPIC_NMI (acpi_id[0x02] dfl level lint[0x72])
[  +0.000001] ACPI: NMI not connected to LINT 1!
[  +0.000000] ACPI: LAPIC_NMI (acpi_id[0x03] res level lint[0x8a])
[  +0.000001] ACPI: NMI not connected to LINT 1!
[  +0.000000] ACPI: LAPIC_NMI (acpi_id[0x04] dfl level lint[0xf0])
[  +0.000001] ACPI: NMI not connected to LINT 1!
[  +0.000011] IOAPIC[0]: apic_id 2, version 32, address 0xfec00000, GSI 0-39
[  +0.000002] ACPI: INT_SRC_OVR (bus 0 bus_irq 0 global_irq 2 dfl dfl)
[  +0.000002] ACPI: INT_SRC_OVR (bus 0 bus_irq 9 global_irq 9 high level)
[  +0.000001] ACPI: IRQ0 used by override.
[  +0.000001] ACPI: IRQ9 used by override.
[  +0.000002] Using ACPI (MADT) for SMP configuration information
[  +0.000002] ACPI: HPET id: 0x8086a701 base: 0xfed00000
[  +0.000009] e820: update [mem 0x96190000-0x961d5fff] usable ==> reserved
[  +0.000012] TSC deadline timer available
[  +0.000001] smpboot: Allowing 4 CPUs, 0 hotplug CPUs
[  +0.000026] PM: Registered nosave memory: [mem 0x00000000-0x00000fff]
[  +0.000002] PM: Registered nosave memory: [mem 0x00058000-0x00058fff]
[  +0.000002] PM: Registered nosave memory: [mem 0x0009f000-0x0009ffff]
[  +0.000000] PM: Registered nosave memory: [mem 0x000a0000-0x000fffff]
[  +0.000002] PM: Registered nosave memory: [mem 0x8f08d000-0x8f08dfff]
[  +0.000002] PM: Registered nosave memory: [mem 0x8f094000-0x8f094fff]
[  +0.000001] PM: Registered nosave memory: [mem 0x8f095000-0x8f095fff]
[  +0.000002] PM: Registered nosave memory: [mem 0x8f0ac000-0x8f0acfff]
[  +0.000000] PM: Registered nosave memory: [mem 0x8f0ad000-0x8f0adfff]
[  +0.000002] PM: Registered nosave memory: [mem 0x8f0b9000-0x8f0b9fff]
[  +0.000001] PM: Registered nosave memory: [mem 0x8f0ba000-0x8f0bafff]
[  +0.000002] PM: Registered nosave memory: [mem 0x8f0ca000-0x8f0cafff]
[  +0.000002] PM: Registered nosave memory: [mem 0x90ba9000-0x9102cfff]
[  +0.000002] PM: Registered nosave memory: [mem 0x96190000-0x961d5fff]
[  +0.000002] PM: Registered nosave memory: [mem 0x9fe5f000-0x9fe5ffff]
[  +0.000002] PM: Registered nosave memory: [mem 0xa32b9000-0xa3379fff]
[  +0.000001] PM: Registered nosave memory: [mem 0xa337a000-0xa33a2fff]
[  +0.000000] PM: Registered nosave memory: [mem 0xa33a3000-0xa3cfefff]
[  +0.000001] PM: Registered nosave memory: [mem 0xa3cff000-0xa3ffdfff]
[  +0.000002] PM: Registered nosave memory: [mem 0xa3fff000-0xa4ffffff]
[  +0.000000] PM: Registered nosave memory: [mem 0xa5000000-0xa77fffff]
[  +0.000001] PM: Registered nosave memory: [mem 0xa7800000-0xf7ffffff]
[  +0.000001] PM: Registered nosave memory: [mem 0xf8000000-0xfbffffff]
[  +0.000000] PM: Registered nosave memory: [mem 0xfc000000-0xfebfffff]
[  +0.000001] PM: Registered nosave memory: [mem 0xfec00000-0xfec00fff]
[  +0.000000] PM: Registered nosave memory: [mem 0xfec01000-0xfecfffff]
[  +0.000001] PM: Registered nosave memory: [mem 0xfed00000-0xfed03fff]
[  +0.000000] PM: Registered nosave memory: [mem 0xfed04000-0xfed1bfff]
[  +0.000001] PM: Registered nosave memory: [mem 0xfed1c000-0xfed1ffff]
[  +0.000000] PM: Registered nosave memory: [mem 0xfed20000-0xfedfffff]
[  +0.000001] PM: Registered nosave memory: [mem 0xfee00000-0xfee00fff]
[  +0.000001] PM: Registered nosave memory: [mem 0xfee01000-0xfeffffff]
[  +0.000000] PM: Registered nosave memory: [mem 0xff000000-0xffffffff]
[  +0.000002] [mem 0xa7800000-0xf7ffffff] available for PCI devices
[  +0.000001] Booting paravirtualized kernel on bare hardware
[  +0.000003] clocksource: refined-jiffies: mask: 0xffffffff max_cycles: 0xffffffff, max_idle_ns: 7645519600211568 ns
[  +0.000008] setup_percpu: NR_CPUS:8192 nr_cpumask_bits:4 nr_cpu_ids:4 nr_node_ids:1
[  +0.000320] percpu: Embedded 55 pages/cpu s188416 r8192 d28672 u524288
[  +0.000008] pcpu-alloc: s188416 r8192 d28672 u524288 alloc=1*2097152
[  +0.000001] pcpu-alloc: [0] 0 1 2 3 
[  +0.000037] Built 1 zonelists, mobility grouping on.  Total pages: 1009441
[  +0.000001] Policy zone: Normal
[  +0.000001] Kernel command line: BOOT_IMAGE=/boot/vmlinuz-5.4.0-94-generic root=UUID=47c03cf3-0d57-4617-a36c-90b3d8a86980 ro quiet splash vt.handoff=1
[  +0.000454] Dentry cache hash table entries: 524288 (order: 10, 4194304 bytes, linear)
[  +0.000184] Inode-cache hash table entries: 262144 (order: 9, 2097152 bytes, linear)
[  +0.000053] mem auto-init: stack:off, heap alloc:on, heap free:off
[  +0.005952] Calgary: detecting Calgary via BIOS EBDA area
[  +0.000002] Calgary: Unable to locate Rio Grande table in EBDA - bailing!
[  +0.015697] Memory: 3564076K/4101964K available (14339K kernel code, 2381K rwdata, 9456K rodata, 2720K init, 5000K bss, 537888K reserved, 0K cma-reserved)
[  +0.000009] random: get_random_u64 called from __kmem_cache_create+0x41/0x560 with crng_init=0
[  +0.000163] SLUB: HWalign=64, Order=0-3, MinObjects=0, CPUs=4, Nodes=1
[  +0.000015] Kernel/User page tables isolation: enabled
[  +0.000017] ftrace: allocating 44354 entries in 174 pages
[  +0.021229] rcu: Hierarchical RCU implementation.
[  +0.000002] rcu: 	RCU restricting CPUs from NR_CPUS=8192 to nr_cpu_ids=4.
[  +0.000001] 	Tasks RCU enabled.
[  +0.000001] rcu: RCU calculated value of scheduler-enlistment delay is 25 jiffies.
[  +0.000001] rcu: Adjusting geometry for rcu_fanout_leaf=16, nr_cpu_ids=4
[  +0.003399] NR_IRQS: 524544, nr_irqs: 728, preallocated irqs: 16
[  +0.000325] random: crng done (trusting CPU's manufacturer)
[  +0.000021] vt handoff: transparent VT on vt#1
[  +0.000007] Console: colour dummy device 80x25
[  +0.000005] printk: console [tty0] enabled
[  +0.000021] ACPI: Core revision 20190816
[  +0.000181] clocksource: hpet: mask: 0xffffffff max_cycles: 0xffffffff, max_idle_ns: 133484882848 ns
[  +0.000012] APIC: Switch to symmetric I/O mode setup
[  +0.000002] DMAR: Host address width 39
[  +0.000001] DMAR: DRHD base: 0x000000fed90000 flags: 0x0
[  +0.000006] DMAR: dmar0: reg_base_addr fed90000 ver 1:0 cap 1c0000c40660462 ecap 7e1ff0505e
[  +0.000000] DMAR: DRHD base: 0x000000fed91000 flags: 0x1
[  +0.000004] DMAR: dmar1: reg_base_addr fed91000 ver 1:0 cap d2008c20660462 ecap f010da
[  +0.000001] DMAR: RMRR base: 0x000000a3eea000 end: 0x000000a3ef8fff
[  +0.000001] DMAR: RMRR base: 0x000000a5000000 end: 0x000000a77fffff
[  +0.000002] DMAR-IR: IOAPIC id 2 under DRHD base  0xfed91000 IOMMU 1
[  +0.000001] DMAR-IR: HPET id 0 under DRHD base 0xfed91000
[  +0.000000] DMAR-IR: x2apic is disabled because BIOS sets x2apic opt out bit.
[  +0.000001] DMAR-IR: Use 'intremap=no_x2apic_optout' to override the BIOS setting.
[  +0.000703] DMAR-IR: Enabled IRQ remapping in xapic mode
[  +0.000001] x2apic: IRQ remapping doesn't support X2APIC mode
[  +0.000609] ..TIMER: vector=0x30 apic1=0 pin1=2 apic2=-1 pin2=-1
[  +0.018671] clocksource: tsc-early: mask: 0xffffffffffffffff max_cycles: 0x1e33a5b6e75, max_idle_ns: 440795254506 ns
[  +0.000004] Calibrating delay loop (skipped), value calculated using timer frequency.. 4190.49 BogoMIPS (lpj=8380984)
[  +0.000003] pid_max: default: 32768 minimum: 301
[  +0.010746] LSM: Security Framework initializing
[  +0.000014] Yama: becoming mindful.
[  +0.000035] AppArmor: AppArmor initialized
[  +0.000049] Mount-cache hash table entries: 8192 (order: 4, 65536 bytes, linear)
[  +0.000013] Mountpoint-cache hash table entries: 8192 (order: 4, 65536 bytes, linear)
[  +0.000019] *** VALIDATE tmpfs ***
[  +0.000189] *** VALIDATE proc ***
[  +0.000057] *** VALIDATE cgroup1 ***
[  +0.000001] *** VALIDATE cgroup2 ***
[  +0.000068] mce: CPU0: Thermal monitoring enabled (TM1)
[  +0.000013] process: using mwait in idle threads
[  +0.000002] Last level iTLB entries: 4KB 64, 2MB 8, 4MB 8
[  +0.000001] Last level dTLB entries: 4KB 64, 2MB 0, 4MB 0, 1GB 4
[  +0.000004] Spectre V1 : Mitigation: usercopy/swapgs barriers and __user pointer sanitization
[  +0.000001] Spectre V2 : Mitigation: Full generic retpoline
[  +0.000001] Spectre V2 : Spectre v2 / SpectreRSB mitigation: Filling RSB on context switch
[  +0.000000] Spectre V2 : Enabling Restricted Speculation for firmware calls
[  +0.000002] Spectre V2 : mitigation: Enabling conditional Indirect Branch Prediction Barrier
[  +0.000000] Spectre V2 : User space: Mitigation: STIBP via seccomp and prctl
[  +0.000002] Speculative Store Bypass: Mitigation: Speculative Store Bypass disabled via prctl and seccomp
[  +0.000004] SRBDS: Mitigation: Microcode
[  +0.000000] MDS: Mitigation: Clear CPU buffers
[  +0.000279] Freeing SMP alternatives memory: 40K
[  +0.003516] smpboot: CPU0: Intel(R) Core(TM) i3-5015U CPU @ 2.10GHz (family: 0x6, model: 0x3d, stepping: 0x4)
[  +0.000148] Performance Events: PEBS fmt2+, Broadwell events, 16-deep LBR, full-width counters, Intel PMU driver.
[  +0.000019] ... version:                3
[  +0.000000] ... bit width:              48
[  +0.000001] ... generic registers:      4
[  +0.000001] ... value mask:             0000ffffffffffff
[  +0.000000] ... max period:             00007fffffffffff
[  +0.000001] ... fixed-purpose events:   3
[  +0.000000] ... event mask:             000000070000000f
[  +0.000040] rcu: Hierarchical SRCU implementation.
[  +0.000769] NMI watchdog: Enabled. Permanently consumes one hw-PMU counter.
[  +0.000000] smp: Bringing up secondary CPUs ...
[  +0.000000] x86: Booting SMP configuration:
[  +0.000000] .... node  #0, CPUs:      #1 #2
[  +0.000507] MDS CPU bug present and SMT on, data leak possible. See https://www.kernel.org/doc/html/latest/admin-guide/hw-vuln/mds.html for more details.
[  +0.000000]  #3
[  +0.000093] smp: Brought up 1 node, 4 CPUs
[  +0.000000] smpboot: Max logical packages: 1
[  +0.000000] smpboot: Total of 4 processors activated (16761.96 BogoMIPS)
[  +0.001184] devtmpfs: initialized
[  +0.000000] x86/mm: Memory block size: 128MB
[  +0.000000] PM: Registering ACPI NVS region [mem 0xa33a3000-0xa3cfefff] (9814016 bytes)
[  +0.002376] clocksource: jiffies: mask: 0xffffffff max_cycles: 0xffffffff, max_idle_ns: 7645041785100000 ns
[  +0.000000] futex hash table entries: 1024 (order: 4, 65536 bytes, linear)
[  +0.000000] pinctrl core: initialized pinctrl subsystem
[  +0.000009] PM: RTC time: 05:24:32, date: 2022-09-03
[  +0.000128] NET: Registered protocol family 16
[  +0.000101] audit: initializing netlink subsys (disabled)
[  +0.000006] audit: type=2000 audit(1662182672.040:1): state=initialized audit_enabled=0 res=1
[  +0.000000] EISA bus registered
[  +0.000000] cpuidle: using governor ladder
[  +0.000000] cpuidle: using governor menu
[  +0.000000] Simple Boot Flag at 0x47 set to 0x80
[  +0.000000] ACPI FADT declares the system doesn't support PCIe ASPM, so disable it
[  +0.000000] ACPI: bus type PCI registered
[  +0.000000] acpiphp: ACPI Hot Plug PCI Controller Driver version: 0.5
[  +0.000000] PCI: MMCONFIG for domain 0000 [bus 00-3f] at [mem 0xf8000000-0xfbffffff] (base 0xf8000000)
[  +0.000000] PCI: MMCONFIG at [mem 0xf8000000-0xfbffffff] reserved in E820
[  +0.000000] PCI: Using configuration type 1 for base access
[  +0.000000] ENERGY_PERF_BIAS: Set to 'normal', was 'performance'
[  +0.001275] HugeTLB registered 1.00 GiB page size, pre-allocated 0 pages
[  +0.000000] HugeTLB registered 2.00 MiB page size, pre-allocated 0 pages
[  +0.002427] ACPI: Added _OSI(Module Device)
[  +0.000001] ACPI: Added _OSI(Processor Device)
[  +0.000001] ACPI: Added _OSI(3.0 _SCP Extensions)
[  +0.000001] ACPI: Added _OSI(Processor Aggregator Device)
[  +0.000001] ACPI: Added _OSI(Linux-Dell-Video)
[  +0.000001] ACPI: Added _OSI(Linux-Lenovo-NV-HDMI-Audio)
[  +0.000001] ACPI: Added _OSI(Linux-HPI-Hybrid-Graphics)
[  +0.029814] ACPI: 9 ACPI AML tables successfully acquired and loaded
[  +0.005114] ACPI: [Firmware Bug]: BIOS _OSI(Linux) query ignored
[  +0.007205] ACPI: Dynamic OEM Table Load:
[  +0.000007] ACPI: SSDT 0xFFFF953811DE7400 0003D3 (v02 PmRef  Cpu0Cst  00003001 INTL 20120913)
[  +0.001791] ACPI: Dynamic OEM Table Load:
[  +0.000005] ACPI: SSDT 0xFFFF9538122D7800 0005AA (v02 PmRef  ApIst    00003000 INTL 20120913)
[  +0.001859] ACPI: Dynamic OEM Table Load:
[  +0.000005] ACPI: SSDT 0xFFFF953811DE2600 000119 (v02 PmRef  ApCst    00003000 INTL 20120913)
[  +0.003307] ACPI: EC: EC started
[  +0.000001] ACPI: EC: interrupt blocked
[  +0.004239] ACPI: \_SB_.PCI0.LPCB.ECDV: Used as first EC
[  +0.000002] ACPI: \_SB_.PCI0.LPCB.ECDV: GPE=0xa, IRQ=-1, EC_CMD/EC_SC=0x934, EC_DATA=0x930
[  +0.000001] ACPI: \_SB_.PCI0.LPCB.ECDV: Boot DSDT EC used to handle transactions
[  +0.000001] ACPI: Interpreter enabled
[  +0.000038] ACPI: (supports S0 S3 S4 S5)
[  +0.000002] ACPI: Using IOAPIC for interrupt routing
[  +0.000042] PCI: Using host bridge windows from ACPI; if necessary, use "pci=nocrs" and report a bug
[  +0.001125] ACPI: Enabled 6 GPEs in block 00 to 7F
[  +0.003348] ACPI: Power Resource [PG00] (on)
[  +0.000624] ACPI: Power Resource [PG01] (on)
[  +0.000572] ACPI: Power Resource [PG02] (on)
[  +0.000983] ACPI: Power Resource [WRST] (off)
[  +0.000538] ACPI: Power Resource [WRST] (off)
[  +0.000524] ACPI: Power Resource [WRST] (off)
[  +0.001040] ACPI: Power Resource [WRST] (off)
[  +0.000138] ACPI: Power Resource [PC05] (on)
[  +0.001326] ACPI: Power Resource [WRST] (off)
[  +0.000500] ACPI: Power Resource [WRST] (off)
[  +0.000459] ACPI: Power Resource [WRST] (off)
[  +0.018710] ACPI: Power Resource [FN00] (off)
[  +0.000106] ACPI: Power Resource [FN01] (off)
[  +0.000096] ACPI: Power Resource [FN02] (off)
[  +0.000097] ACPI: Power Resource [FN03] (off)
[  +0.000095] ACPI: Power Resource [FN04] (off)
[  +0.001454] ACPI: PCI Root Bridge [PCI0] (domain 0000 [bus 00-3e])
[  +0.000007] acpi PNP0A08:00: _OSC: OS supports [ExtendedConfig ASPM ClockPM Segments MSI HPX-Type3]
[  +0.000131] acpi PNP0A08:00: _OSC failed (AE_ERROR); disabling ASPM
[  +0.000814] PCI host bridge to bus 0000:00
[  +0.000003] pci_bus 0000:00: root bus resource [io  0x0000-0x0cf7 window]
[  +0.000001] pci_bus 0000:00: root bus resource [io  0x0d00-0xffff window]
[  +0.000001] pci_bus 0000:00: root bus resource [mem 0x000a0000-0x000bffff window]
[  +0.000001] pci_bus 0000:00: root bus resource [mem 0xa7800000-0xfeafffff window]
[  +0.000002] pci_bus 0000:00: root bus resource [bus 00-3e]
[  +0.000013] pci 0000:00:00.0: [8086:1604] type 00 class 0x060000
[  +0.000129] pci 0000:00:02.0: [8086:1616] type 00 class 0x030000
[  +0.000012] pci 0000:00:02.0: reg 0x10: [mem 0xa8000000-0xa8ffffff 64bit]
[  +0.000006] pci 0000:00:02.0: reg 0x18: [mem 0xb0000000-0xbfffffff 64bit pref]
[  +0.000004] pci 0000:00:02.0: reg 0x20: [io  0x5000-0x503f]
[  +0.000016] pci 0000:00:02.0: BAR 2: assigned to efifb
[  +0.000001] pci 0000:00:02.0: DMAR: Disabling IOMMU for graphics on this chipset
[  +0.000161] pci 0000:00:03.0: [8086:160c] type 00 class 0x040300
[  +0.000010] pci 0000:00:03.0: reg 0x10: [mem 0xaa314000-0xaa317fff 64bit]
[  +0.000152] pci 0000:00:14.0: [8086:9cb1] type 00 class 0x0c0330
[  +0.000019] pci 0000:00:14.0: reg 0x10: [mem 0xaa300000-0xaa30ffff 64bit]
[  +0.000060] pci 0000:00:14.0: PME# supported from D3hot D3cold
[  +0.000116] pci 0000:00:16.0: [8086:9cba] type 00 class 0x078000
[  +0.000019] pci 0000:00:16.0: reg 0x10: [mem 0xaa31c000-0xaa31c01f 64bit]
[  +0.000062] pci 0000:00:16.0: PME# supported from D0 D3hot D3cold
[  +0.000174] pci 0000:00:1b.0: [8086:9ca0] type 00 class 0x040300
[  +0.000018] pci 0000:00:1b.0: reg 0x10: [mem 0xaa310000-0xaa313fff 64bit]
[  +0.000051] pci 0000:00:1b.0: PME# supported from D0 D3hot D3cold
[  +0.000160] pci 0000:00:1c.0: [8086:9c90] type 01 class 0x060400
[  +0.000081] pci 0000:00:1c.0: PME# supported from D0 D3hot D3cold
[  +0.000207] pci 0000:00:1c.2: [8086:9c94] type 01 class 0x060400
[  +0.000082] pci 0000:00:1c.2: PME# supported from D0 D3hot D3cold
[  +0.000000] pci 0000:00:1c.3: [8086:9c96] type 01 class 0x060400
[  +0.000000] pci 0000:00:1c.3: PME# supported from D0 D3hot D3cold
[  +0.000000] pci 0000:00:1c.4: [8086:9c98] type 01 class 0x060400
[  +0.000000] pci 0000:00:1c.4: PME# supported from D0 D3hot D3cold
[  +0.000000] pci 0000:00:1d.0: [8086:9ca6] type 00 class 0x0c0320
[  +0.000000] pci 0000:00:1d.0: reg 0x10: [mem 0xaa31a000-0xaa31a3ff]
[  +0.000000] pci 0000:00:1d.0: PME# supported from D0 D3hot D3cold
[  +0.000000] pci 0000:00:1f.0: [8086:9cc5] type 00 class 0x060100
[  +0.000000] pci 0000:00:1f.2: [8086:9c83] type 00 class 0x010601
[  +0.000000] pci 0000:00:1f.2: reg 0x10: [io  0x50b0-0x50b7]
[  +0.000000] pci 0000:00:1f.2: reg 0x14: [io  0x50a0-0x50a3]
[  +0.000000] pci 0000:00:1f.2: reg 0x18: [io  0x5090-0x5097]
[  +0.000000] pci 0000:00:1f.2: reg 0x1c: [io  0x5080-0x5083]
[  +0.000000] pci 0000:00:1f.2: reg 0x20: [io  0x5060-0x507f]
[  +0.000000] pci 0000:00:1f.2: reg 0x24: [mem 0xaa319000-0xaa3197ff]
[  +0.000000] pci 0000:00:1f.2: PME# supported from D3hot
[  +0.000000] pci 0000:00:1f.3: [8086:9ca2] type 00 class 0x0c0500
[  +0.000000] pci 0000:00:1f.3: reg 0x10: [mem 0xaa318000-0xaa3180ff 64bit]
[  +0.000000] pci 0000:00:1f.3: reg 0x20: [io  0x5040-0x505f]
[  +0.000000] acpiphp: Slot [1] registered
[  +0.000000] pci 0000:00:1c.0: PCI bridge to [bus 04]
[  +0.000000] pci 0000:06:00.0: [8086:08b3] type 00 class 0x028000
[  +0.000000] pci 0000:06:00.0: reg 0x10: [mem 0xaa200000-0xaa201fff 64bit]
[  +0.000000] pci 0000:06:00.0: PME# supported from D0 D3hot D3cold
[  +0.000000] pci 0000:00:1c.2: PCI bridge to [bus 06]
[  +0.000000] pci 0000:00:1c.2:   bridge window [mem 0xaa200000-0xaa2fffff]
[  +0.000000] pci 0000:07:00.0: [10ec:8136] type 00 class 0x020000
[  +0.000000] pci 0000:07:00.0: reg 0x10: [io  0x4000-0x40ff]
[  +0.000000] pci 0000:07:00.0: reg 0x18: [mem 0xaa100000-0xaa100fff 64bit]
[  +0.000000] pci 0000:07:00.0: reg 0x20: [mem 0xd2100000-0xd2103fff 64bit pref]
[  +0.000000] pci 0000:07:00.0: supports D1 D2
[  +0.000000] pci 0000:07:00.0: PME# supported from D0 D1 D2 D3hot D3cold
[  +0.000000] pci 0000:00:1c.3: PCI bridge to [bus 07]
[  +0.000000] pci 0000:00:1c.3:   bridge window [io  0x4000-0x4fff]
[  +0.000000] pci 0000:00:1c.3:   bridge window [mem 0xaa100000-0xaa1fffff]
[  +0.000000] pci 0000:00:1c.3:   bridge window [mem 0xd2100000-0xd21fffff 64bit pref]
[  +0.000000] pci 0000:08:00.0: [10de:1299] type 00 class 0x030200
[  +0.000000] pci 0000:08:00.0: reg 0x10: [mem 0xa9000000-0xa9ffffff]
[  +0.000000] pci 0000:08:00.0: reg 0x14: [mem 0xc0000000-0xcfffffff 64bit pref]
[  +0.000000] pci 0000:08:00.0: reg 0x1c: [mem 0xd0000000-0xd1ffffff 64bit pref]
[  +0.000000] pci 0000:08:00.0: reg 0x24: [io  0x3000-0x307f]
[  +0.000000] pci 0000:08:00.0: reg 0x30: [mem 0xaa000000-0xaa07ffff pref]
[  +0.000000] pci 0000:08:00.0: Enabling HDA controller
[  +0.000000] pci 0000:08:00.0: 16.000 Gb/s available PCIe bandwidth, limited by 5 GT/s x4 link at 0000:00:1c.4 (capable of 63.008 Gb/s with 8 GT/s x8 link)
[  +0.000000] pci 0000:08:00.1: [10de:0e0f] type 00 class 0x040300
[  +0.000000] pci 0000:08:00.1: reg 0x10: [mem 0x00000000-0x00003fff]
[  +0.000000] pci 0000:00:1c.4: ASPM: current common clock configuration is broken, reconfiguring
[  +0.008234] pci 0000:00:1c.4: PCI bridge to [bus 08]
[  +0.000003] pci 0000:00:1c.4:   bridge window [io  0x3000-0x3fff]
[  +0.000003] pci 0000:00:1c.4:   bridge window [mem 0xa9000000-0xaa0fffff]
[  +0.000004] pci 0000:00:1c.4:   bridge window [mem 0xc0000000-0xd1ffffff 64bit pref]
[  +0.003531] ACPI: PCI Interrupt Link [LNKA] (IRQs 3 4 5 6 10 *11 12 14 15)
[  +0.000078] ACPI: PCI Interrupt Link [LNKB] (IRQs 3 4 5 6 10 11 12 14 15) *0, disabled.
[  +0.000076] ACPI: PCI Interrupt Link [LNKC] (IRQs *3 4 5 6 10 11 12 14 15)
[  +0.000076] ACPI: PCI Interrupt Link [LNKD] (IRQs 3 4 5 6 *10 11 12 14 15)
[  +0.000074] ACPI: PCI Interrupt Link [LNKE] (IRQs 3 4 5 6 10 11 12 14 15) *0, disabled.
[  +0.000075] ACPI: PCI Interrupt Link [LNKF] (IRQs 3 *4 5 6 10 11 12 14 15)
[  +0.000053] ACPI: PCI Interrupt Link [LNKG] (IRQs 3 4 *5 6 10 11 12 14 15)
[  +0.000000] ACPI: PCI Interrupt Link [LNKH] (IRQs 3 4 5 6 10 11 12 14 15) *0, disabled.
[  +0.000000] ACPI: EC: interrupt unblocked
[  +0.000000] ACPI: EC: event unblocked
[  +0.004003] ACPI: \_SB_.PCI0.LPCB.ECDV: GPE=0xa, IRQ=-1, EC_CMD/EC_SC=0x934, EC_DATA=0x930
[  +0.000000] ACPI: \_SB_.PCI0.LPCB.ECDV: Boot DSDT EC used to handle transactions and events
[  +0.000073] iommu: Default domain type: Translated 
[  +0.000208] SCSI subsystem initialized
[  +0.000007] libata version 3.00 loaded.
[  +0.000000] pci 0000:00:02.0: vgaarb: setting as boot VGA device
[  +0.000000] pci 0000:00:02.0: vgaarb: VGA device added: decodes=io+mem,owns=io+mem,locks=none
[  +0.000000] pci 0000:00:02.0: vgaarb: bridge control possible
[  +0.000000] vgaarb: loaded
[  +0.000000] ACPI: bus type USB registered
[  +0.000000] usbcore: registered new interface driver usbfs
[  +0.000000] usbcore: registered new interface driver hub
[  +0.000000] usbcore: registered new device driver usb
[  +0.056203] pps_core: LinuxPPS API ver. 1 registered
[  +0.000001] pps_core: Software ver. 5.3.6 - Copyright 2005-2007 Rodolfo Giometti <giometti@linux.it>
[  +0.000003] PTP clock support registered
[  +0.000019] EDAC MC: Ver: 3.0.0
[  +0.000000] Registered efivars operations
[  +0.000000] PCI: Using ACPI for IRQ routing
[  +0.000800] PCI: pci_cache_line_size set to 64 bytes
[  +0.000067] e820: reserve RAM buffer [mem 0x00058000-0x0005ffff]
[  +0.000001] e820: reserve RAM buffer [mem 0x0009f000-0x0009ffff]
[  +0.000001] e820: reserve RAM buffer [mem 0x8f08d018-0x8fffffff]
[  +0.000001] e820: reserve RAM buffer [mem 0x8f095018-0x8fffffff]
[  +0.000001] e820: reserve RAM buffer [mem 0x8f0ad018-0x8fffffff]
[  +0.000001] e820: reserve RAM buffer [mem 0x8f0ba018-0x8fffffff]
[  +0.000001] e820: reserve RAM buffer [mem 0x90ba9000-0x93ffffff]
[  +0.000001] e820: reserve RAM buffer [mem 0x96190000-0x97ffffff]
[  +0.000001] e820: reserve RAM buffer [mem 0x9fe5f000-0x9fffffff]
[  +0.000001] e820: reserve RAM buffer [mem 0xa32b9000-0xa3ffffff]
[  +0.000001] e820: reserve RAM buffer [mem 0xa3fff000-0xa3ffffff]
[  +0.000001] e820: reserve RAM buffer [mem 0x157800000-0x157ffffff]
[  +0.000114] NetLabel: Initializing
[  +0.000001] NetLabel:  domain hash size = 128
[  +0.000000] NetLabel:  protocols = UNLABELED CIPSOv4 CALIPSO
[  +0.000015] NetLabel:  unlabeled traffic allowed by default
[  +0.000017] hpet0: at MMIO 0xfed00000, IRQs 2, 8, 0, 0, 0, 0, 0, 0
[  +0.000000] hpet0: 8 comparators, 64-bit 14.318180 MHz counter
[  +0.003488] clocksource: Switched to clocksource tsc-early
[  +0.021935] *** VALIDATE bpf ***
[  +0.000070] VFS: Disk quotas dquot_6.6.0
[  +0.000020] VFS: Dquot-cache hash table entries: 512 (order 0, 4096 bytes)
[  +0.000032] *** VALIDATE ramfs ***
[  +0.000006] *** VALIDATE hugetlbfs ***
[  +0.000098] AppArmor: AppArmor Filesystem Enabled
[  +0.000034] pnp: PnP ACPI init
[  +0.000347] system 00:00: [io  0x0680-0x069f] has been reserved
[  +0.000002] system 00:00: [io  0xffff] has been reserved
[  +0.000001] system 00:00: [io  0xffff] has been reserved
[  +0.000001] system 00:00: [io  0xffff] has been reserved
[  +0.000002] system 00:00: [io  0x1800-0x18fe] has been reserved
[  +0.000001] system 00:00: [io  0x164e-0x164f] has been reserved
[  +0.000006] system 00:00: Plug and Play ACPI device, IDs PNP0c02 (active)
[  +0.000065] pnp 00:01: Plug and Play ACPI device, IDs PNP0b00 (active)
[  +0.000053] system 00:02: [io  0x1854-0x1857] has been reserved
[  +0.000004] system 00:02: Plug and Play ACPI device, IDs INT3f0d PNP0c02 (active)
[  +0.000040] pnp 00:03: Plug and Play ACPI device, IDs PNP0303 (active)
[  +0.000020] pnp 00:04: Plug and Play ACPI device, IDs DLL065a PNP0f13 (active)
[  +0.000247] system 00:05: [mem 0xfed1c000-0xfed1ffff] has been reserved
[  +0.000001] system 00:05: [mem 0xfed10000-0xfed17fff] has been reserved
[  +0.000002] system 00:05: [mem 0xfed18000-0xfed18fff] has been reserved
[  +0.000001] system 00:05: [mem 0xfed19000-0xfed19fff] has been reserved
[  +0.000002] system 00:05: [mem 0xf8000000-0xfbffffff] has been reserved
[  +0.000001] system 00:05: [mem 0xfed20000-0xfed3ffff] has been reserved
[  +0.000002] system 00:05: [mem 0xfed90000-0xfed93fff] could not be reserved
[  +0.000001] system 00:05: [mem 0xfed45000-0xfed8ffff] has been reserved
[  +0.000002] system 00:05: [mem 0xff000000-0xffffffff] has been reserved
[  +0.000001] system 00:05: [mem 0xfee00000-0xfeefffff] could not be reserved
[  +0.000001] system 00:05: [mem 0xa7810000-0xa781ffff] has been reserved
[  +0.000002] system 00:05: [mem 0xa7800000-0xa780ffff] has been reserved
[  +0.000004] system 00:05: Plug and Play ACPI device, IDs PNP0c02 (active)
[  +0.002318] system 00:06: [mem 0xfe104000-0xfe104fff] has been reserved
[  +0.000002] system 00:06: [mem 0xfe106000-0xfe106fff] has been reserved
[  +0.000185] system 00:06: Plug and Play ACPI device, IDs PNP0c02 (active)
[  +0.004278] pnp: PnP ACPI: found 7 devices
[  +0.001359] thermal_sys: Registered thermal governor 'fair_share'
[  +0.000001] thermal_sys: Registered thermal governor 'bang_bang'
[  +0.000001] thermal_sys: Registered thermal governor 'step_wise'
[  +0.000000] thermal_sys: Registered thermal governor 'user_space'
[  +0.000001] thermal_sys: Registered thermal governor 'power_allocator'
[  +0.004489] clocksource: acpi_pm: mask: 0xffffff max_cycles: 0xffffff, max_idle_ns: 2085701024 ns
[  +0.000038] pci 0000:00:1c.0: bridge window [io  0x1000-0x0fff] to [bus 04] add_size 1000
[  +0.000002] pci 0000:00:1c.0: bridge window [mem 0x00100000-0x000fffff 64bit pref] to [bus 04] add_size 200000 add_align 100000
[  +0.000002] pci 0000:00:1c.0: bridge window [mem 0x00100000-0x000fffff] to [bus 04] add_size 200000 add_align 100000
[  +0.000007] pci 0000:00:1c.0: BAR 14: assigned [mem 0xa7900000-0xa7afffff]
[  +0.000005] pci 0000:00:1c.0: BAR 15: assigned [mem 0xa7b00000-0xa7cfffff 64bit pref]
[  +0.000002] pci 0000:00:1c.0: BAR 13: assigned [io  0x2000-0x2fff]
[  +0.000002] pci 0000:00:1c.0: PCI bridge to [bus 04]
[  +0.000002] pci 0000:00:1c.0:   bridge window [io  0x2000-0x2fff]
[  +0.000004] pci 0000:00:1c.0:   bridge window [mem 0xa7900000-0xa7afffff]
[  +0.000003] pci 0000:00:1c.0:   bridge window [mem 0xa7b00000-0xa7cfffff 64bit pref]
[  +0.000005] pci 0000:00:1c.2: PCI bridge to [bus 06]
[  +0.000004] pci 0000:00:1c.2:   bridge window [mem 0xaa200000-0xaa2fffff]
[  +0.000006] pci 0000:00:1c.3: PCI bridge to [bus 07]
[  +0.000002] pci 0000:00:1c.3:   bridge window [io  0x4000-0x4fff]
[  +0.000004] pci 0000:00:1c.3:   bridge window [mem 0xaa100000-0xaa1fffff]
[  +0.000003] pci 0000:00:1c.3:   bridge window [mem 0xd2100000-0xd21fffff 64bit pref]
[  +0.000005] pci 0000:08:00.1: BAR 0: assigned [mem 0xaa080000-0xaa083fff]
[  +0.000004] pci 0000:00:1c.4: PCI bridge to [bus 08]
[  +0.000002] pci 0000:00:1c.4:   bridge window [io  0x3000-0x3fff]
[  +0.000004] pci 0000:00:1c.4:   bridge window [mem 0xa9000000-0xaa0fffff]
[  +0.000002] pci 0000:00:1c.4:   bridge window [mem 0xc0000000-0xd1ffffff 64bit pref]
[  +0.000006] pci_bus 0000:00: resource 4 [io  0x0000-0x0cf7 window]
[  +0.000001] pci_bus 0000:00: resource 5 [io  0x0d00-0xffff window]
[  +0.000002] pci_bus 0000:00: resource 6 [mem 0x000a0000-0x000bffff window]
[  +0.000001] pci_bus 0000:00: resource 7 [mem 0xa7800000-0xfeafffff window]
[  +0.000001] pci_bus 0000:04: resource 0 [io  0x2000-0x2fff]
[  +0.000001] pci_bus 0000:04: resource 1 [mem 0xa7900000-0xa7afffff]
[  +0.000002] pci_bus 0000:04: resource 2 [mem 0xa7b00000-0xa7cfffff 64bit pref]
[  +0.000001] pci_bus 0000:06: resource 1 [mem 0xaa200000-0xaa2fffff]
[  +0.000001] pci_bus 0000:07: resource 0 [io  0x4000-0x4fff]
[  +0.000001] pci_bus 0000:07: resource 1 [mem 0xaa100000-0xaa1fffff]
[  +0.000001] pci_bus 0000:07: resource 2 [mem 0xd2100000-0xd21fffff 64bit pref]
[  +0.000001] pci_bus 0000:08: resource 0 [io  0x3000-0x3fff]
[  +0.000001] pci_bus 0000:08: resource 1 [mem 0xa9000000-0xaa0fffff]
[  +0.000001] pci_bus 0000:08: resource 2 [mem 0xc0000000-0xd1ffffff 64bit pref]
[  +0.000192] NET: Registered protocol family 2
[  +0.000077] IP idents hash table entries: 65536 (order: 7, 524288 bytes, linear)
[  +0.000664] tcp_listen_portaddr_hash hash table entries: 2048 (order: 3, 32768 bytes, linear)
[  +0.000033] TCP established hash table entries: 32768 (order: 6, 262144 bytes, linear)
[  +0.000093] TCP bind hash table entries: 32768 (order: 7, 524288 bytes, linear)
[  +0.000083] TCP: Hash tables configured (established 32768 bind 32768)
[  +0.000038] UDP hash table entries: 2048 (order: 4, 65536 bytes, linear)
[  +0.000016] UDP-Lite hash table entries: 2048 (order: 4, 65536 bytes, linear)
[  +0.000051] NET: Registered protocol family 1
[  +0.000006] NET: Registered protocol family 44
[  +0.000011] pci 0000:00:02.0: Video device with shadowed ROM at [mem 0x000c0000-0x000dffff]
[  +0.022070] pci 0000:00:1d.0: quirk_usb_early_handoff+0x0/0x6a0 took 21268 usecs
[  +0.000051] pci 0000:08:00.1: D0 power state depends on 0000:08:00.0
[  +0.000005] PCI: CLS 64 bytes, default 64
[  +0.000086] Trying to unpack rootfs image as initramfs...
[  +0.654558] Freeing initrd memory: 42276K
[  +0.013196] PCI-DMA: Using software bounce buffering for IO (SWIOTLB)
[  +0.000001] software IO TLB: mapped [mem 0x89044000-0x8d044000] (64MB)
[  +0.000213] check: Scanning for low memory corruption every 60 seconds
[  +0.000484] Initialise system trusted keyrings
[  +0.000016] Key type blacklist registered
[  +0.000033] workingset: timestamp_bits=36 max_order=20 bucket_order=0
[  +0.001465] zbud: loaded
[  +0.000412] squashfs: version 4.0 (2009/01/31) Phillip Lougher
[  +0.000167] fuse: init (API version 7.31)
[  +0.000016] *** VALIDATE fuse ***
[  +0.000002] *** VALIDATE fuse ***
[  +0.000101] Platform Keyring initialized
[  +0.004762] Key type asymmetric registered
[  +0.000001] Asymmetric key parser 'x509' registered
[  +0.000007] Block layer SCSI generic (bsg) driver version 0.4 loaded (major 244)
[  +0.000028] io scheduler mq-deadline registered
[  +0.000928] shpchp: Standard Hot Plug PCI Controller Driver version: 0.4
[  +0.000069] efifb: probing for efifb
[  +0.000017] efifb: showing boot graphics
[  +0.000698] efifb: framebuffer at 0xb0000000, using 4128k, total 4128k
[  +0.000001] efifb: mode is 1366x768x32, linelength=5504, pages=1
[  +0.000001] efifb: scrolling: redraw
[  +0.000001] efifb: Truecolor: size=8:8:8:8, shift=24:16:8:0
[  +0.000043] fbcon: Deferring console take-over
[  +0.000002] fb0: EFI VGA frame buffer device
[  +0.000007] intel_idle: MWAIT substates: 0x11142120
[  +0.000001] intel_idle: v0.4.1 model 0x3D
[  +0.000233] intel_idle: lapic_timer_reliable_states 0xffffffff
[  +0.000679] ACPI: AC Adapter [AC] (on-line)
[  +0.000086] input: Lid Switch as /devices/LNXSYSTM:00/LNXSYBUS:00/PNP0C0D:00/input/input0
[  +0.000036] ACPI: Lid Switch [LID0]
[  +0.000031] input: Power Button as /devices/LNXSYSTM:00/LNXSYBUS:00/PNP0C0C:00/input/input1
[  +0.000026] ACPI: Power Button [PBTN]
[  +0.000026] input: Sleep Button as /devices/LNXSYSTM:00/LNXSYBUS:00/PNP0C0E:00/input/input2
[  +0.000018] ACPI: Sleep Button [SBTN]
[  +0.000032] input: Power Button as /devices/LNXSYSTM:00/LNXPWRBN:00/input/input3
[  +0.000021] ACPI: Power Button [PWRF]
[  +0.001517] thermal LNXTHERM:00: registered as thermal_zone0
[  +0.000001] ACPI: Thermal Zone [THM] (25 C)
[  +0.000567] thermal LNXTHERM:01: registered as thermal_zone1
[  +0.000001] ACPI: Thermal Zone [TZ00] (28 C)
[  +0.000327] thermal LNXTHERM:02: registered as thermal_zone2
[  +0.000000] ACPI: Thermal Zone [TZ01] (30 C)
[  +0.000244] Serial: 8250/16550 driver, 32 ports, IRQ sharing enabled
[  +0.002513] Linux agpgart interface v0.103
[  +0.017381] battery: ACPI: Battery Slot [BAT0] (battery present)
[  +0.138858] loop: module loaded
[  +0.000259] libphy: Fixed MDIO Bus: probed
[  +0.000001] tun: Universal TUN/TAP device driver, 1.6
[  +0.000035] PPP generic driver version 2.4.2
[  +0.000074] VFIO - User Level meta-driver version: 0.3
[  +0.000166] ehci_hcd: USB 2.0 'Enhanced' Host Controller (EHCI) Driver
[  +0.000004] ehci-pci: EHCI PCI platform driver
[  +0.000191] ehci-pci 0000:00:1d.0: EHCI Host Controller
[  +0.000005] ehci-pci 0000:00:1d.0: new USB bus registered, assigned bus number 1
[  +0.000011] ehci-pci 0000:00:1d.0: debug port 2
[  +0.003906] ehci-pci 0000:00:1d.0: cache line size of 64 is not supported
[  +0.000014] ehci-pci 0000:00:1d.0: irq 21, io mem 0xaa31a000
[  +0.015299] ehci-pci 0000:00:1d.0: USB 2.0 started, EHCI 1.00
[  +0.000057] usb usb1: New USB device found, idVendor=1d6b, idProduct=0002, bcdDevice= 5.04
[  +0.000001] usb usb1: New USB device strings: Mfr=3, Product=2, SerialNumber=1
[  +0.000001] usb usb1: Product: EHCI Host Controller
[  +0.000001] usb usb1: Manufacturer: Linux 5.4.0-94-generic ehci_hcd
[  +0.000001] usb usb1: SerialNumber: 0000:00:1d.0
[  +0.000136] hub 1-0:1.0: USB hub found
[  +0.000005] hub 1-0:1.0: 2 ports detected
[  +0.000174] ehci-platform: EHCI generic platform driver
[  +0.000021] ohci_hcd: USB 1.1 'Open' Host Controller (OHCI) Driver
[  +0.000003] ohci-pci: OHCI PCI platform driver
[  +0.000010] ohci-platform: OHCI generic platform driver
[  +0.000011] uhci_hcd: USB Universal Host Controller Interface driver
[  +0.000173] xhci_hcd 0000:00:14.0: xHCI Host Controller
[  +0.000004] xhci_hcd 0000:00:14.0: new USB bus registered, assigned bus number 2
[  +0.001044] xhci_hcd 0000:00:14.0: hcc params 0x200077c1 hci version 0x100 quirks 0x000000000004b810
[  +0.000004] xhci_hcd 0000:00:14.0: cache line size of 64 is not supported
[  +0.000166] xhci_hcd 0000:00:14.0: xHCI Host Controller
[  +0.000004] xhci_hcd 0000:00:14.0: new USB bus registered, assigned bus number 3
[  +0.000002] xhci_hcd 0000:00:14.0: Host supports USB 3.0 SuperSpeed
[  +0.000028] usb usb2: New USB device found, idVendor=1d6b, idProduct=0002, bcdDevice= 5.04
[  +0.000001] usb usb2: New USB device strings: Mfr=3, Product=2, SerialNumber=1
[  +0.000002] usb usb2: Product: xHCI Host Controller
[  +0.000001] usb usb2: Manufacturer: Linux 5.4.0-94-generic xhci-hcd
[  +0.000001] usb usb2: SerialNumber: 0000:00:14.0
[  +0.000094] hub 2-0:1.0: USB hub found
[  +0.000011] hub 2-0:1.0: 11 ports detected
[  +0.004409] usb usb3: New USB device found, idVendor=1d6b, idProduct=0003, bcdDevice= 5.04
[  +0.000002] usb usb3: New USB device strings: Mfr=3, Product=2, SerialNumber=1
[  +0.000001] usb usb3: Product: xHCI Host Controller
[  +0.000001] usb usb3: Manufacturer: Linux 5.4.0-94-generic xhci-hcd
[  +0.000001] usb usb3: SerialNumber: 0000:00:14.0
[  +0.000092] hub 3-0:1.0: USB hub found
[  +0.000008] hub 3-0:1.0: 4 ports detected
[  +0.001989] i8042: PNP: PS/2 Controller [PNP0303:PS2K,PNP0f13:PS2M] at 0x60,0x64 irq 1,12
[  +0.003689] serio: i8042 KBD port at 0x60,0x64 irq 1
[  +0.000005] serio: i8042 AUX port at 0x60,0x64 irq 12
[  +0.000110] mousedev: PS/2 mouse device common for all mice
[  +0.000202] rtc_cmos 00:01: RTC can wake from S4
[  +0.000181] rtc_cmos 00:01: registered as rtc0
[  +0.000013] rtc_cmos 00:01: alarms up to one month, y3k, 242 bytes nvram, hpet irqs
[  +0.000006] i2c /dev entries driver
[  +0.000097] device-mapper: uevent: version 1.0.3
[  +0.000062] device-mapper: ioctl: 4.41.0-ioctl (2019-09-16) initialised: dm-devel@redhat.com
[  +0.000021] platform eisa.0: Probing EISA bus 0
[  +0.000002] platform eisa.0: EISA: Cannot allocate resource for mainboard
[  +0.000001] platform eisa.0: Cannot allocate resource for EISA slot 1
[  +0.000001] platform eisa.0: Cannot allocate resource for EISA slot 2
[  +0.000001] platform eisa.0: Cannot allocate resource for EISA slot 3
[  +0.000001] platform eisa.0: Cannot allocate resource for EISA slot 4
[  +0.000001] platform eisa.0: Cannot allocate resource for EISA slot 5
[  +0.000001] platform eisa.0: Cannot allocate resource for EISA slot 6
[  +0.000001] platform eisa.0: Cannot allocate resource for EISA slot 7
[  +0.000001] platform eisa.0: Cannot allocate resource for EISA slot 8
[  +0.000001] platform eisa.0: EISA: Detected 0 cards
[  +0.000007] intel_pstate: Intel P-state driver initializing
[  +0.000307] ledtrig-cpu: registered to indicate activity on CPUs
[  +0.000015] EFI Variables Facility v0.08 2004-May-17
[  +0.004489] drop_monitor: Initializing network drop monitor service
[  +0.000201] NET: Registered protocol family 10
[  +0.004975] Segment Routing with IPv6
[  +0.000025] NET: Registered protocol family 17
[  +0.000041] Key type dns_resolver registered
[  +0.000260] RAS: Correctable Errors collector initialized.
[  +0.000036] microcode: sig=0x306d4, pf=0x40, revision=0x2f
[  +0.000074] microcode: Microcode Update Driver: v2.2.
[  +0.000005] IPI shorthand broadcast: enabled
[  +0.000007] sched_clock: Marking stable (1233163400, 384125)->(1239181588, -5634063)
[  +0.000080] registered taskstats version 1
[  +0.000010] Loading compiled-in X.509 certificates
[  +0.000961] Loaded X.509 cert 'Build time autogenerated kernel key: 491978e9b52259ebb0972ada65ef5f2e1ba5257a'
[  +0.000855] Loaded X.509 cert 'Canonical Ltd. Live Patch Signing: 14df34d1a87cf37625abec039ef2bf521249b969'
[  +0.000846] Loaded X.509 cert 'Canonical Ltd. Kernel Module Signing: 88f752e560a1e0737e31163a466ad7b70a850c19'
[  +0.000001] blacklist: Loading compiled-in revocation X.509 certificates
[  +0.000023] Loaded X.509 cert 'Canonical Ltd. Secure Boot Signing: 61482aa2830d0ab2ad5af10b7250da9033ddcef0'
[  +0.000032] zswap: loaded using pool lzo/zbud
[  +0.000078] Key type ._fscrypt registered
[  +0.000001] Key type .fscrypt registered
[  +0.004390] Key type big_key registered
[  +0.002105] Key type encrypted registered
[  +0.000004] AppArmor: AppArmor sha1 policy hashing enabled
[  +0.000205] integrity: Loading X.509 certificate: UEFI:db
[  +0.000045] integrity: Loaded X.509 cert 'Microsoft Windows Production PCA 2011: a92902398e16c49778cd90f99e4f9ae17c55af53'
[  +0.000001] integrity: Loading X.509 certificate: UEFI:db
[  +0.000029] integrity: Loaded X.509 cert 'Microsoft Corporation UEFI CA 2011: 13adbf4309bd82709c8cd54f316ed522988a1bd4'
[  +0.000111] Revoking X.509 certificate: UEFI:dbx
[  +0.000030] blacklist: Revoked X.509 cert 'Microsoft Windows PCA 2010: d14fa98a0708cef4241898e500fff3d6791d37bc'
[  +0.000390] integrity: Loading X.509 certificate: UEFI:MokListRT (MOKvar table)
[  +0.000347] integrity: Loaded X.509 cert 'Canonical Ltd. Master Certificate Authority: ad91990bc22ab1f517048c23b6655a268e345a63'
[  +0.000001] integrity: Loading X.509 certificate: UEFI:MokListRT (MOKvar table)
[  +0.000267] integrity: Loaded X.509 cert 'tarzan: 15354c8bdada1381b5dac024a33037e2c6595546'
[  +0.000003] ima: No TPM chip found, activating TPM-bypass!
[  +0.000003] ima: Allocated hash algorithm: sha1
[  +0.000006] ima: No architecture policies found
[  +0.000014] evm: Initialising EVM extended attributes:
[  +0.000001] evm: security.selinux
[  +0.000001] evm: security.SMACK64
[  +0.000000] evm: security.SMACK64EXEC
[  +0.000001] evm: security.SMACK64TRANSMUTE
[  +0.000000] evm: security.SMACK64MMAP
[  +0.000001] evm: security.apparmor
[  +0.000000] evm: security.ima
[  +0.000001] evm: security.capability
[  +0.000000] evm: HMAC attrs: 0x1
[  +0.001099] input: AT Translated Set 2 keyboard as /devices/platform/i8042/serio0/input/input4
[  +0.000102] PM:   Magic number: 6:146:415
[  +0.000126] rtc_cmos 00:01: setting system clock to 2022-09-03T05:24:33 UTC (1662182673)
[  +0.001390] Freeing unused decrypted memory: 2040K
[  +0.000549] Freeing unused kernel image memory: 2720K
[  +0.026614] Write protecting the kernel read-only data: 26624k
[  +0.000529] Freeing unused kernel image memory: 2008K
[  +0.000167] Freeing unused kernel image memory: 784K
[  +0.012138] x86/mm: Checked W+X mappings: passed, no W+X pages found.
[  +0.000001] x86/mm: Checking user space page tables
[  +0.012075] x86/mm: Checked W+X mappings: passed, no W+X pages found.
[  +0.000003] Run /init as init process
[  +0.112949] hidraw: raw HID events driver (C) Jiri Kosina
[  +0.005581] wmi_bus wmi_bus-PNP0C14:01: WQBC data block query control method not found
[  +0.020781] i2c_hid i2c-DLL06B0:00: i2c-DLL06B0:00 supply vdd not found, using dummy regulator
[  +0.000023] i2c_hid i2c-DLL06B0:00: i2c-DLL06B0:00 supply vddl not found, using dummy regulator
[  +0.027965] ahci 0000:00:1f.2: version 3.0
[  +0.001652] r8169 0000:07:00.0: can't disable ASPM; OS doesn't have ASPM control
[  +0.002089] usb 1-1: new high-speed USB device number 2 using ehci-pci
[  +0.000015] usb 2-5: new high-speed USB device number 2 using xhci_hcd
[  +0.000568] libphy: r8169: probed
[  +0.000498] r8169 0000:07:00.0 eth0: RTL8106e, 14:18:77:9f:21:c2, XID 449, IRQ 48
[  +0.005544] ahci 0000:00:1f.2: AHCI 0001.0300 32 slots 2 ports 6 Gbps 0x3 impl SATA mode
[  +0.000005] ahci 0000:00:1f.2: flags: 64bit ncq pm led clo only pio slum part deso sadm sds apst 
[  +0.001549] scsi host0: ahci
[  +0.003940] scsi host1: ahci
[  +0.000089] ata1: SATA max UDMA/133 abar m2048@0xaa319000 port 0xaa319100 irq 47
[  +0.000001] ata2: SATA max UDMA/133 abar m2048@0xaa319000 port 0xaa319180 irq 47
[  +0.011336] r8169 0000:07:00.0 enp7s0: renamed from eth0
[  +0.098366] input: DLL06B0:00 06CB:78F1 Mouse as /devices/pci0000:00/INT3433:00/i2c-1/i2c-DLL06B0:00/0018:06CB:78F1.0001/input/input7
[  +0.000116] hid-generic 0018:06CB:78F1.0001: input,hidraw0: I2C HID v1.00 Mouse [DLL06B0:00 06CB:78F1] on i2c-DLL06B0:00
[  +0.002042] mc: Linux media interface: v0.10
[  +0.005264] videodev: Linux video capture interface: v2.00
[  +0.027121] usb 1-1: New USB device found, idVendor=8087, idProduct=8001, bcdDevice= 0.03
[  +0.000002] usb 1-1: New USB device strings: Mfr=0, Product=0, SerialNumber=0
[  +0.000406] hub 1-1:1.0: USB hub found
[  +0.000201] hub 1-1:1.0: 8 ports detected
[  +0.061054] usb 2-5: New USB device found, idVendor=0c45, idProduct=6710, bcdDevice=55.04
[  +0.000018] usb 2-5: New USB device strings: Mfr=2, Product=1, SerialNumber=0
[  +0.000002] usb 2-5: Product: Integrated_Webcam_HD
[  +0.000001] usb 2-5: Manufacturer: CN0CVRNR7248764NAHJPA02
[  +0.011442] rmi4_f01 rmi4-00.fn01: found RMI device, manufacturer: Synaptics, product: TM3096-001, fw id: 2019836
[  +0.062926] input: Synaptics TM3096-001 as /devices/pci0000:00/INT3433:00/i2c-1/i2c-DLL06B0:00/0018:06CB:78F1.0001/input/input9
[  +0.000124] hid-rmi 0018:06CB:78F1.0001: input,hidraw0: I2C HID v1.00 Mouse [DLL06B0:00 06CB:78F1] on i2c-DLL06B0:00
[  +0.033843] ata1: SATA link up 6.0 Gbps (SStatus 133 SControl 300)
[  +0.000037] ata2: SATA link up 1.5 Gbps (SStatus 113 SControl 300)
[  +0.002829] ata2.00: ATAPI: HL-DT-ST DVD+/-RW GU90N, A1C0, max UDMA/100
[  +0.004752] ata2.00: configured for UDMA/100
[  +0.017935] usb 2-6: new full-speed USB device number 3 using xhci_hcd
[  +0.029969] ata1.00: ATA-8: TOSHIBA MQ01ABD100, AX0P2D, max UDMA/100
[  +0.000002] ata1.00: 1953525168 sectors, multi 16: LBA48 NCQ (depth 32), AA
[  +0.002081] ata1.00: configured for UDMA/100
[  +0.000672] scsi 0:0:0:0: Direct-Access     ATA      TOSHIBA MQ01ABD1 2D   PQ: 0 ANSI: 5
[  +0.000391] sd 0:0:0:0: Attached scsi generic sg0 type 0
[  +0.000073] sd 0:0:0:0: [sda] 1953525168 512-byte logical blocks: (1.00 TB/932 GiB)
[  +0.000001] sd 0:0:0:0: [sda] 4096-byte physical blocks
[  +0.000013] sd 0:0:0:0: [sda] Write Protect is off
[  +0.000003] sd 0:0:0:0: [sda] Mode Sense: 00 3a 00 00
[  +0.000028] sd 0:0:0:0: [sda] Write cache: enabled, read cache: enabled, doesn't support DPO or FUA
[  +0.001908] scsi 1:0:0:0: CD-ROM            HL-DT-ST DVD+-RW GU90N    A1C0 PQ: 0 ANSI: 5
[  +0.062491] sr 1:0:0:0: [sr0] scsi3-mmc drive: 24x/24x writer dvd-ram cd/rw xa/form2 cdda tray
[  +0.000002] cdrom: Uniform CD-ROM driver Revision: 3.20
[  +0.038405] sr 1:0:0:0: Attached scsi CD-ROM sr0
[  +0.000128] sr 1:0:0:0: Attached scsi generic sg1 type 5
[  +0.012900] usb 2-6: New USB device found, idVendor=8087, idProduct=07dc, bcdDevice= 0.01
[  +0.000002] usb 2-6: New USB device strings: Mfr=0, Product=0, SerialNumber=0
[  +0.030192]  sda: sda1 sda2 sda3 sda4 sda5 sda6 sda7 sda8
[  +0.021509] sd 0:0:0:0: [sda] Attached SCSI disk
[  +0.011220] tsc: Refined TSC clocksource calibration: 2095.149 MHz
[  +0.000007] clocksource: tsc: mask: 0xffffffffffffffff max_cycles: 0x1e3349f83e9, max_idle_ns: 440795233330 ns
[  +0.000030] clocksource: Switched to clocksource tsc
[  +0.063965] usb 2-8: new high-speed USB device number 4 using xhci_hcd
[  +0.152290] usb 2-8: New USB device found, idVendor=0bda, idProduct=0129, bcdDevice=39.60
[  +0.000003] usb 2-8: New USB device strings: Mfr=1, Product=2, SerialNumber=3
[  +0.000001] usb 2-8: Product: USB2.0-CRW
[  +0.000001] usb 2-8: Manufacturer: Generic
[  +0.000001] usb 2-8: SerialNumber: 20100201396000000
[  +0.006719] usbcore: registered new interface driver rtsx_usb
[  +0.907140] fbcon: Taking over console
[  +0.000115] Console: switching to colour frame buffer device 170x48
[  +0.054851] EXT4-fs (sda8): mounted filesystem with ordered data mode. Opts: (null)
[  +1.647364] systemd[1]: systemd 237 running in system mode. (+PAM +AUDIT +SELINUX +IMA +APPARMOR +SMACK +SYSVINIT +UTMP +LIBCRYPTSETUP +GCRYPT +GNUTLS +ACL +XZ +LZ4 +SECCOMP +BLKID +ELFUTILS +KMOD -IDN2 +IDN -PCRE2 default-hierarchy=hybrid)
[  +0.019694] systemd[1]: Detected architecture x86-64.
[  +0.028878] systemd[1]: Set hostname to <tarzan-Inspiron-3558>.
[  +2.172649] systemd[1]: Set up automount Arbitrary Executable File Formats File System Automount Point.
[  +0.000094] systemd[1]: Started Forward Password Requests to Wall Directory Watch.
[  +0.000199] systemd[1]: Created slice User and Session Slice.
[  +0.000015] systemd[1]: Reached target User and Group Name Lookups.
[  +0.000019] systemd[1]: Reached target Remote File Systems.
[  +0.000157] systemd[1]: Created slice System Slice.
[  +0.000092] systemd[1]: Listening on Syslog Socket.
[  +0.321954] EXT4-fs (sda8): re-mounted. Opts: errors=remount-ro
[  +0.199095] lp: driver loaded but no devices found
[  +0.101731] ppdev: user-space parallel port driver
[  +0.122926] Adding 2097148k swap on /swapfile.  Priority:-2 extents:6 across:2260988k FS
[  +0.024760] systemd-journald[273]: Received request to flush runtime journal from PID 1
[  +3.636115] input: DELL Wireless hotkeys as /devices/virtual/input/input10
[  +0.379002] cfg80211: Loading compiled-in X.509 certificates for regulatory database
[  +0.000308] cfg80211: Loaded X.509 cert 'sforshee: 00b28ddf47aef9cea7'
[  +0.150559] Intel(R) Wireless WiFi driver for Linux
[  +0.000002] Copyright(c) 2003- 2015 Intel Corporation
[  +0.000065] iwlwifi 0000:06:00.0: enabling device (0000 -> 0002)
[  +0.036868] Bluetooth: Core ver 2.22
[  +0.000032] NET: Registered protocol family 31
[  +0.000002] Bluetooth: HCI device and connection manager initialized
[  +0.000004] Bluetooth: HCI socket layer initialized
[  +0.000002] Bluetooth: L2CAP socket layer initialized
[  +0.000007] Bluetooth: SCO socket layer initialized
[  +0.046748] iwlwifi 0000:06:00.0: loaded firmware version 17.948900127.0 op_mode iwlmvm
[  +0.310290] usbcore: registered new interface driver btusb
[  +0.012605] Bluetooth: hci0: read Intel version: 3707100100012d0d00
[  +0.142999] dcdbas dcdbas: Dell Systems Management Base Driver (version 5.6.0-3.3)
[  +0.023243] dell-smbios A80593CE-A997-11DA-B012-B622A1EF5492: WMI SMBIOS userspace interface not supported(0), try upgrading to a newer BIOS
[  +0.132607] input: Dell WMI hotkeys as /devices/platform/PNP0C14:01/wmi_bus/wmi_bus-PNP0C14:01/9DBB5994-A997-11DA-B012-B622A1EF5492/input/input11
[  +0.087262] MXM: GUID detected in BIOS
[  +0.000110] ACPI Warning: \_SB.PCI0.GFX0._DSM: Argument #4 type mismatch - Found [Buffer], ACPI requires [Package] (20190816/nsarguments-66)
[  +0.000129] ACPI Warning: \_SB.PCI0.RP05.PEGP._DSM: Argument #4 type mismatch - Found [Buffer], ACPI requires [Package] (20190816/nsarguments-66)
[  +0.000477] pci 0000:08:00.0: optimus capabilities: enabled, status dynamic power, hda bios codec supported
[  +0.000004] VGA switcheroo: detected Optimus DSM method \_SB_.PCI0.RP05.PEGP handle
[  +0.000000] nouveau: detected PR support, will not use DSM
[  +0.000035] nouveau 0000:08:00.0: enabling device (0006 -> 0007)
[  +0.000147] checking generic (b0000000 408000) vs hw (c0000000 10000000)
[  +0.000001] checking generic (b0000000 408000) vs hw (d0000000 2000000)
[  +0.000069] nouveau 0000:08:00.0: NVIDIA GK208B (b06190b1)
[  +0.046778] checking generic (b0000000 408000) vs hw (b0000000 10000000)
[  +0.000003] fb0: switching to inteldrmfb from EFI VGA
[  +0.000126] Console: switching to colour dummy device 80x25
[  +0.000049] i915 0000:00:02.0: vgaarb: deactivate vga console
[  +0.014822] [drm] Supports vblank timestamp caching Rev 2 (21.10.2013).
[  +0.000002] [drm] Driver supports precise vblank timestamp query.
[  +0.003990] i915 0000:00:02.0: vgaarb: changed VGA decodes: olddecodes=io+mem,decodes=io+mem:owns=io+mem
[  +0.039208] nouveau 0000:08:00.0: bios: version 80.28.9c.00.0a
[  +0.064148] nouveau 0000:08:00.0: fb: 2048 MiB DDR3
[  +0.000253] [drm] Initialized i915 1.6.0 20190822 for 0000:00:02.0 on minor 0
[  +0.002925] ACPI: Video Device [GFX0] (multi-head: yes  rom: no  post: no)
[  +0.043435] input: Video Bus as /devices/LNXSYSTM:00/LNXSYBUS:00/PNP0A08:00/LNXVIDEO:00/input/input12
[  +0.000151] ACPI: Video Device [PEGP] (multi-head: no  rom: yes  post: no)
[  +0.000058] input: Video Bus as /devices/LNXSYSTM:00/LNXSYBUS:00/PNP0A08:00/device:1e/LNXVIDEO:01/input/input13
[  +0.003078] fbcon: i915drmfb (fb0) is primary device
[  +0.000114] Console: switching to colour frame buffer device 170x48
[  +0.000035] i915 0000:00:02.0: fb0: i915drmfb frame buffer device
[  +0.012081] Bluetooth: hci0: Intel Bluetooth firmware file: intel/ibt-hw-37.7.10-fw-1.0.1.2d.d.bseq
[  +0.106655] Bluetooth: hci0: unexpected event for opcode 0xfc2f
[  +0.015014] Bluetooth: hci0: Intel firmware patch completed and activated
[  +0.054747] RAPL PMU: API unit is 2^-32 Joules, 4 fixed counters, 655360 ms ovfl timer
[  +0.000001] RAPL PMU: hw unit of domain pp0-core 2^-14 Joules
[  +0.000001] RAPL PMU: hw unit of domain package 2^-14 Joules
[  +0.000001] RAPL PMU: hw unit of domain dram 2^-14 Joules
[  +0.000000] RAPL PMU: hw unit of domain pp1-gpu 2^-14 Joules
[  +0.075077] snd_hda_intel 0000:00:03.0: enabling device (0000 -> 0002)
[  +0.000258] snd_hda_intel 0000:00:1b.0: enabling device (0000 -> 0002)
[  +0.000452] snd_hda_intel 0000:08:00.1: enabling device (0000 -> 0002)
[  +0.000110] snd_hda_intel 0000:08:00.1: Disabling MSI
[  +0.000008] snd_hda_intel 0000:08:00.1: Handle vga_switcheroo audio client
[  +0.016333] snd_hda_intel 0000:08:00.1: no codecs found!
[  +0.035061] uvcvideo: Found UVC 1.00 device Integrated_Webcam_HD (0c45:6710)
[  +0.052012] input: Integrated_Webcam_HD: Integrate as /devices/pci0000:00/0000:00:14.0/usb2/2-5/2-5:1.0/input/input14
[  +0.000086] usbcore: registered new interface driver uvcvideo
[  +0.000001] USB Video Class driver (1.1.1)
[  +0.039558] cryptd: max_cpu_qlen set to 1000
[  +0.381177] iwlwifi 0000:06:00.0: Detected Intel(R) Dual Band Wireless AC 3160, REV=0x164
[  +0.019071] iwlwifi 0000:06:00.0: base HW address: 2c:6e:85:bd:78:bf
[  +0.116888] ieee80211 phy0: Selected rate control algorithm 'iwl-mvm-rs'
[  +0.113309] AVX2 version of gcm_enc/dec engaged.
[  +0.000002] AES CTR mode by8 optimization enabled
[  +0.066788] snd_hda_codec_realtek hdaudioC1D0: autoconfig for ALC3234: line_outs=1 (0x14/0x0/0x0/0x0/0x0) type:speaker
[  +0.000002] snd_hda_codec_realtek hdaudioC1D0:    speaker_outs=0 (0x0/0x0/0x0/0x0/0x0)
[  +0.000002] snd_hda_codec_realtek hdaudioC1D0:    hp_outs=1 (0x21/0x0/0x0/0x0/0x0)
[  +0.000001] snd_hda_codec_realtek hdaudioC1D0:    mono: mono_out=0x0
[  +0.000001] snd_hda_codec_realtek hdaudioC1D0:    inputs:
[  +0.000001] snd_hda_codec_realtek hdaudioC1D0:      Headset Mic=0x19
[  +0.000002] snd_hda_codec_realtek hdaudioC1D0:      Headphone Mic=0x1a
[  +0.000001] snd_hda_codec_realtek hdaudioC1D0:      Internal Mic=0x12
[  +0.046243] input: HDA Intel PCH Headphone Mic as /devices/pci0000:00/0000:00:1b.0/sound/card1/input15
[  +0.115305] vga_switcheroo: enabled
[  +0.000072] [TTM] Zone  kernel: Available graphics memory: 1966630 KiB
[  +0.000001] [TTM] Initializing pool allocator
[  +0.000004] [TTM] Initializing DMA pool allocator
[  +0.000018] nouveau 0000:08:00.0: DRM: VRAM: 2048 MiB
[  +0.000001] nouveau 0000:08:00.0: DRM: GART: 1048576 MiB
[  +0.000003] nouveau 0000:08:00.0: DRM: Pointer to TMDS table not found
[  +0.000002] nouveau 0000:08:00.0: DRM: DCB version 4.0
[  +0.000744] nouveau 0000:08:00.0: DRM: MM: using COPY for buffer copies
[  +0.000252] [drm] Initialized nouveau 1.3.1 20120801 for 0000:08:00.0 on minor 1
[  +0.100703] snd_hda_intel 0000:00:03.0: bound 0000:00:02.0 (ops i915_audio_component_bind_ops [i915])
[  +0.382425] input: HDA Intel HDMI HDMI/DP,pcm=3 as /devices/pci0000:00/0000:00:03.0/sound/card0/input16
[  +0.000054] input: HDA Intel HDMI HDMI/DP,pcm=7 as /devices/pci0000:00/0000:00:03.0/sound/card0/input17
[  +0.000047] input: HDA Intel HDMI HDMI/DP,pcm=8 as /devices/pci0000:00/0000:00:03.0/sound/card0/input18
[  +0.000048] input: HDA Intel HDMI HDMI/DP,pcm=9 as /devices/pci0000:00/0000:00:03.0/sound/card0/input19
[  +0.000049] input: HDA Intel HDMI HDMI/DP,pcm=10 as /devices/pci0000:00/0000:00:03.0/sound/card0/input20
[  +2.819886] iwlwifi 0000:06:00.0 wlp6s0: renamed from wlan0
[  +0.576933] intel_rapl_common: Found RAPL domain package
[  +0.000002] intel_rapl_common: Found RAPL domain core
[  +0.000001] intel_rapl_common: Found RAPL domain uncore
[  +0.000001] intel_rapl_common: Found RAPL domain dram
[  +0.000003] intel_rapl_common: RAPL package-0 domain package locked by BIOS
[  +0.000006] intel_rapl_common: RAPL package-0 domain dram locked by BIOS
[Sep 3 10:55] audit: type=1400 audit(1662182703.716:2): apparmor="STATUS" operation="profile_load" profile="unconfined" name="libreoffice-oopslash" pid=802 comm="apparmor_parser"
[  +0.000404] audit: type=1400 audit(1662182703.716:3): apparmor="STATUS" operation="profile_load" profile="unconfined" name="/usr/bin/man" pid=801 comm="apparmor_parser"
[  +0.000005] audit: type=1400 audit(1662182703.716:4): apparmor="STATUS" operation="profile_load" profile="unconfined" name="man_filter" pid=801 comm="apparmor_parser"
[  +0.000004] audit: type=1400 audit(1662182703.716:5): apparmor="STATUS" operation="profile_load" profile="unconfined" name="man_groff" pid=801 comm="apparmor_parser"
[  +0.001071] audit: type=1400 audit(1662182703.716:6): apparmor="STATUS" operation="profile_load" profile="unconfined" name="libreoffice-senddoc" pid=803 comm="apparmor_parser"
[  +0.001058] audit: type=1400 audit(1662182703.720:7): apparmor="STATUS" operation="profile_load" profile="unconfined" name="/sbin/dhclient" pid=798 comm="apparmor_parser"
[  +0.000007] audit: type=1400 audit(1662182703.720:8): apparmor="STATUS" operation="profile_load" profile="unconfined" name="/usr/lib/NetworkManager/nm-dhcp-client.action" pid=798 comm="apparmor_parser"
[  +0.000003] audit: type=1400 audit(1662182703.720:9): apparmor="STATUS" operation="profile_load" profile="unconfined" name="/usr/lib/NetworkManager/nm-dhcp-helper" pid=798 comm="apparmor_parser"
[  +0.000004] audit: type=1400 audit(1662182703.720:10): apparmor="STATUS" operation="profile_load" profile="unconfined" name="/usr/lib/connman/scripts/dhclient-script" pid=798 comm="apparmor_parser"
[  +0.000835] audit: type=1400 audit(1662182703.720:11): apparmor="STATUS" operation="profile_load" profile="unconfined" name="libreoffice-xpdfimport" pid=805 comm="apparmor_parser"
[  +0.843685] Bluetooth: BNEP (Ethernet Emulation) ver 1.3
[  +0.000002] Bluetooth: BNEP filters: protocol multicast
[  +0.000005] Bluetooth: BNEP socket layer initialized
[  +3.523917] RTL8208 Fast Ethernet r8169-0-700:00: attached PHY driver [RTL8208 Fast Ethernet] (mii_bus:phy_addr=r8169-0-700:00, irq=IGNORE)
[  +0.255632] r8169 0000:07:00.0 enp7s0: Link is Down
[  +3.700982] wlp6s0: authenticate with 0e:a5:5e:ac:1f:9a
[  +0.002651] wlp6s0: send auth to 0e:a5:5e:ac:1f:9a (try 1/3)
[  +0.036682] wlp6s0: authenticated
[  +0.002564] wlp6s0: associate with 0e:a5:5e:ac:1f:9a (try 1/3)
[  +0.007011] wlp6s0: RX AssocResp from 0e:a5:5e:ac:1f:9a (capab=0x1431 status=0 aid=1)
[  +0.001561] wlp6s0: associated
[  +0.046336] IPv6: ADDRCONF(NETDEV_CHANGE): wlp6s0: link becomes ready
[ +23.029865] Bluetooth: RFCOMM TTY layer initialized
[  +0.000008] Bluetooth: RFCOMM socket layer initialized
[  +0.000007] Bluetooth: RFCOMM ver 1.11
[  +2.886086] rfkill: input handler disabled
[Sep 3 10:57] usb 2-2: new full-speed USB device number 5 using xhci_hcd
[  +0.150067] usb 2-2: New USB device found, idVendor=2341, idProduct=0042, bcdDevice= 0.01
[  +0.000002] usb 2-2: New USB device strings: Mfr=1, Product=2, SerialNumber=220
[  +0.000002] usb 2-2: Manufacturer: Arduino (www.arduino.cc)
[  +0.000001] usb 2-2: SerialNumber: 95635333331351E01170
[  +0.074527] cdc_acm 2-2:1.0: ttyACM0: USB ACM device
[  +0.000465] usbcore: registered new interface driver cdc_acm
[  +0.000002] cdc_acm: USB Abstract Control Model driver for USB modems and ISDN adapters
[  +7.547720] usb 2-2: USB disconnect, device number 5
[  +7.559666] usbcore: deregistering interface driver cdc_acm
[Sep 3 10:58] pen_driver: loading out-of-tree module taints kernel.
[  +0.000039] pen_driver: module verification failed: signature and/or required key missing - tainting kernel
[  +0.000135] TARZAN usb driver initialized.
[  +0.000057] usbcore: registered new interface driver usb_driver
[  +5.235811] usb 2-2: new full-speed USB device number 6 using xhci_hcd
[  +0.150074] usb 2-2: New USB device found, idVendor=2341, idProduct=0042, bcdDevice= 0.01
[  +0.000002] usb 2-2: New USB device strings: Mfr=1, Product=2, SerialNumber=220
[  +0.000002] usb 2-2: Manufacturer: Arduino (www.arduino.cc)
[  +0.000001] usb 2-2: SerialNumber: 95635333331351E01170
[  +0.001140] TARZAN usb_probe called idVendor:idProduct = 2341:42
[  +0.000005] usb_driver 2-2:1.0: TARZAN bNumEndpoints 1
[  +0.000002] usb_driver 2-2:1.0: TARZAN bInterfaceNumber 0
[  +0.000003] usb_driver 2-2:1.0: TARZAN bLength 9
[  +0.000002] Initiaizing urb
[  +0.000001] Initiaized urb
[  +0.000002] usb_probe - failed submitting write urb, error -19
[  +0.000001] TARZAN error occurred in probe function.
[  +0.000074] TARZAN usb_probe called idVendor:idProduct = 2341:42
[  +0.000004] usb_driver 2-2:1.1: TARZAN bNumEndpoints 2
[  +0.000002] usb_driver 2-2:1.1: TARZAN bInterfaceNumber 1
[  +0.000003] usb_driver 2-2:1.1: TARZAN bLength 9
[  +0.000002] TARZAN FOUND A BUILK IN ENDPOINT AFTER ITERATING FOR 1 TIMES
[  +0.000002] Initiaizing urb
[  +0.000000] Initiaized urb
[  +0.000002] usb_probe - failed submitting write urb, error -19
[  +0.000002] TARZAN error occurred in probe function.
[  +0.014707] cdc_acm 2-2:1.0: ttyACM0: USB ACM device
[  +0.001552] usbcore: registered new interface driver cdc_acm
[  +0.000003] cdc_acm: USB Abstract Control Model driver for USB modems and ISDN adapters
[Sep 3 10:59] usb 2-2: USB disconnect, device number 6
[  +2.033293] usb 2-2: new full-speed USB device number 7 using xhci_hcd
[  +0.150133] usb 2-2: New USB device found, idVendor=2341, idProduct=0042, bcdDevice= 0.01
[  +0.000003] usb 2-2: New USB device strings: Mfr=1, Product=2, SerialNumber=220
[  +0.000002] usb 2-2: Manufacturer: Arduino (www.arduino.cc)
[  +0.000002] usb 2-2: SerialNumber: 95635333331351E01170
[  +0.001650] TARZAN usb_probe called idVendor:idProduct = 2341:42
[  +0.000006] usb_driver 2-2:1.0: TARZAN bNumEndpoints 1
[  +0.000003] usb_driver 2-2:1.0: TARZAN bInterfaceNumber 0
[  +0.000002] usb_driver 2-2:1.0: TARZAN bLength 9
[  +0.000003] Initiaizing urb
[  +0.000000] Initiaized urb
[  +0.000002] usb_probe - failed submitting write urb, error -19
[  +0.000002] TARZAN error occurred in probe function.
[  +0.000047] cdc_acm 2-2:1.0: ttyACM0: USB ACM device
[  +9.036934] usb 2-2: USB disconnect, device number 7
[Sep 3 11:00] usb 2-2: new full-speed USB device number 8 using xhci_hcd
[  +0.150669] usb 2-2: New USB device found, idVendor=2341, idProduct=0042, bcdDevice= 0.01
[  +0.000006] usb 2-2: New USB device strings: Mfr=1, Product=2, SerialNumber=220
[  +0.000002] usb 2-2: Manufacturer: Arduino (www.arduino.cc)
[  +0.000002] usb 2-2: SerialNumber: 95635333331351E01170
[  +0.001609] TARZAN usb_probe called idVendor:idProduct = 2341:42
[  +0.000008] usb_driver 2-2:1.0: TARZAN bNumEndpoints 1
[  +0.000003] usb_driver 2-2:1.0: TARZAN bInterfaceNumber 0
[  +0.000002] usb_driver 2-2:1.0: TARZAN bLength 9
[  +0.000003] Initiaizing urb
[  +0.000001] Initiaized urb
[  +0.000002] usb_probe - failed submitting write urb, error -19
[  +0.000001] TARZAN error occurred in probe function.
[  +0.000052] cdc_acm 2-2:1.0: ttyACM0: USB ACM device
